// Jest Snapshot v1, https://goo.gl/fbAQLP

exports[`HolidayTile Should render the right Holiday component 1`] = `
<div>
  <li>
    <h2>
      Sonesta ES Suites
       
      4
      *
    </h2>
    <p>
      International Drive, Orlando
    </p>
    <span
      style="box-sizing: border-box; display: inline-block; overflow: hidden; background: none; opacity: 1; border: 0px; margin: 0px; padding: 0px; position: relative; max-width: 100%;"
    >
      <span
        style="box-sizing: border-box; display: block; background: none; opacity: 1; border: 0px; margin: 0px; padding: 0px; max-width: 100%;"
      >
        <img
          alt=""
          aria-hidden="true"
          src="data:image/svg+xml,%3csvg%20xmlns=%27http://www.w3.org/2000/svg%27%20version=%271.1%27%20width=%27240%27%20height=%27180%27/%3e"
          style="display: block; max-width: 100%; background: none; opacity: 1; border: 0px; margin: 0px; padding: 0px;"
        />
      </span>
      <img
        alt="Sonesta ES Suites"
        data-nimg="intrinsic"
        decoding="async"
        src="data:image/gif;base64,R0lGODlhAQABAIAAAAAAAP///yH5BAEAAAAALAAAAAABAAEAAAIBRAA7"
        style="position: absolute; top: 0px; left: 0px; bottom: 0px; right: 0px; box-sizing: border-box; padding: 0px; margin: auto; display: block; width: 0px; height: 0px; min-width: 100%; max-width: 100%; min-height: 100%; max-height: 100%;"
      />
      <noscript />
    </span>
    <p>
      <b>
        Total Price:
      </b>
       Â£
      646.27
    </p>
    <p>
      <b>
        Hotel Facilities:
      </b>
    </p>
    <ul>
      <li>
        Restaurant
      </li>
      <li>
        Bar
      </li>
      <li>
        Free Parking
      </li>
      <li>
        Room Service
      </li>
      <li>
        Safety Deposit Box
      </li>
      <li>
        Fitness Centre/Gym
      </li>
      <li>
        Laundry Service
      </li>
      <li>
        Internet Access
      </li>
      <li>
        Swimming Pool
      </li>
      <li>
        Hot tub
      </li>
    </ul>
  </li>
</div>
`;
